
> Configure project :paper-server
paperweight-core v2.0.0-beta.19 (running on 'Windows 11')

> Task :paper-api:compileJava UP-TO-DATE
> Task :paper-api:processResources NO-SOURCE
> Task :paper-api:classes UP-TO-DATE
> Task :paper-api:generateApiVersioningFile UP-TO-DATE
> Task :paper-api:jar UP-TO-DATE
> Task :paper-server:downloadMcManifest
> Task :paper-server:compileLog4jPluginsJava UP-TO-DATE
> Task :paper-server:downloadMcVersionManifest UP-TO-DATE
> Task :paper-server:downloadServerJar UP-TO-DATE
> Task :paper-server:extractFromBundler UP-TO-DATE
> Task :paper-server:processLog4jPluginsResources NO-SOURCE
> Task :paper-server:log4jPluginsClasses UP-TO-DATE

> Task :paper-server:compileJava FAILED
./gradlew : C:\Users\skibidi\.gemini\antigravity\s
cratch\fork_of_papermc\paper-server\src\minecraft\
java\net\minecraft\locale\Language.java:27: 
error: duplicate class: 
net.minecraft.locale.Language
At line:1 char:1
+ ./gradlew createReobfPaperclipJar > 
build_output.log 2>&1
+ ~~~~~~~~~~~~~~~~~~~~~~~~~~~~~~~~~~~~~~~~~~~~~~~~
~~~~~~~~~
    + CategoryInfo          : NotSpecified: (C:\U 
   sers\skibid...locale.Language:String) [], Rem  
  oteException
    + FullyQualifiedErrorId : NativeCommandError
 
public abstract class Language {
                ^
C:\Users\skibidi\.gemini\antigravity\scratch\fork_
of_papermc\paper-server\src\minecraft\java\net\min
ecraft\network\chat\MutableComponent.java:88: 
error: cannot find symbol
            this.visualOrderText = 
instance.getVisualOrder(this);
                                           ^
  symbol:   method 
getVisualOrder(MutableComponent)
  location: variable instance of type Language
C:\Users\skibidi\.gemini\antigravity\scratch\fork_
of_papermc\paper-server\src\minecraft\java\net\min
ecraft\network\chat\contents\TranslatableContents.
java:93: error: method getOrDefault in class 
Language cannot be applied to given types;
            String string = this.fallback != null 
? instance.getOrDefault(this.key, this.fallback) 
: instance.getOrDefault(this.key);
                                                  
                                                  
         ^
  required: String,String
  found:    String
  reason: actual and formal argument lists differ 
in length
3 errors

[Incubating] Problems report is available at: file:///C:/Users/skibidi/.gemini/antigravity/scratch/fork_of_papermc/build/reports/problems/problems-report.html

FAILURE: Build failed with an exception.

* What went wrong:
Execution failed for task 
':paper-server:compileJava'.
> Compilation failed; see the compiler output 
below.
  C:\Users\skibidi\.gemini\antigravity\scratch\for
k_of_papermc\paper-server\src\minecraft\java\net\m
inecraft\locale\Language.java:27: error: 
duplicate class: net.minecraft.locale.Language
  public abstract class Language {
                  ^
  3 errors

* Try:
> Check your code and dependencies to fix the 
compilation error(s)
> Run with --scan to generate a Build Scan 
(Powered by Develocity).

BUILD FAILED in 3s
9 actionable tasks: 2 executed, 7 up-to-date
